[0.148s] DEBUG:colcon:Command line arguments: ['/usr/bin/colcon', 'build', '--symlink-install']
[0.148s] DEBUG:colcon:Parsed command line arguments: Namespace(log_base=None, log_level=None, verb_name='build', build_base='build', install_base='install', merge_install=False, symlink_install=True, test_result_base=None, continue_on_error=False, executor='parallel', parallel_workers=4, event_handlers=None, ignore_user_meta=False, metas=['./colcon.meta'], base_paths=['.'], packages_ignore=None, packages_ignore_regex=None, paths=None, packages_up_to=None, packages_up_to_regex=None, packages_above=None, packages_above_and_dependencies=None, packages_above_depth=None, packages_select_by_dep=None, packages_skip_by_dep=None, packages_skip_up_to=None, packages_select_build_failed=False, packages_skip_build_finished=False, packages_select_test_failures=False, packages_skip_test_passed=False, packages_select=None, packages_skip=None, packages_select_regex=None, packages_skip_regex=None, packages_start=None, packages_end=None, allow_overriding=[], cmake_args=None, cmake_target=None, cmake_target_skip_unavailable=False, cmake_clean_cache=False, cmake_clean_first=False, cmake_force_configure=False, ament_cmake_args=None, catkin_cmake_args=None, catkin_skip_building_tests=False, mixin_files=None, mixin=None, verb_parser=<colcon_mixin.mixin.mixin_argument.MixinArgumentDecorator object at 0xffff91b64ce0>, verb_extension=<colcon_core.verb.build.BuildVerb object at 0xffff91d19340>, main=<bound method BuildVerb.main of <colcon_core.verb.build.BuildVerb object at 0xffff91d19340>>, mixin_verb=('build',))
[0.205s] Level 1:colcon.colcon_core.package_discovery:discover_packages(colcon_meta) check parameters
[0.205s] Level 1:colcon.colcon_core.package_discovery:discover_packages(recursive) check parameters
[0.205s] Level 1:colcon.colcon_core.package_discovery:discover_packages(ignore) check parameters
[0.205s] Level 1:colcon.colcon_core.package_discovery:discover_packages(path) check parameters
[0.205s] Level 1:colcon.colcon_core.package_discovery:discover_packages(colcon_meta) discover
[0.205s] Level 1:colcon.colcon_core.package_discovery:discover_packages(recursive) discover
[0.205s] INFO:colcon.colcon_core.package_discovery:Crawling recursively for packages in '/home/pi5/capstone-group8/ros2_ws/src'
[0.206s] Level 1:colcon.colcon_core.package_identification:_identify(.) by extensions ['ignore', 'ignore_ament_install']
[0.206s] Level 1:colcon.colcon_core.package_identification:_identify(.) by extension 'ignore'
[0.206s] Level 1:colcon.colcon_core.package_identification:_identify(.) by extension 'ignore_ament_install'
[0.206s] Level 1:colcon.colcon_core.package_identification:_identify(.) by extensions ['colcon_pkg']
[0.206s] Level 1:colcon.colcon_core.package_identification:_identify(.) by extension 'colcon_pkg'
[0.206s] Level 1:colcon.colcon_core.package_identification:_identify(.) by extensions ['colcon_meta']
[0.206s] Level 1:colcon.colcon_core.package_identification:_identify(.) by extension 'colcon_meta'
[0.206s] Level 1:colcon.colcon_core.package_identification:_identify(.) by extensions ['ros']
[0.206s] Level 1:colcon.colcon_core.package_identification:_identify(.) by extension 'ros'
[0.245s] Level 1:colcon.colcon_core.package_identification:_identify(.) by extensions ['cmake', 'python']
[0.245s] Level 1:colcon.colcon_core.package_identification:_identify(.) by extension 'cmake'
[0.245s] Level 1:colcon.colcon_core.package_identification:_identify(.) by extension 'python'
[0.245s] Level 1:colcon.colcon_core.package_identification:_identify(.) by extensions ['python_setup_py']
[0.245s] Level 1:colcon.colcon_core.package_identification:_identify(.) by extension 'python_setup_py'
[0.245s] Level 1:colcon.colcon_core.package_identification:_identify(autonomous_litter_bot_package) by extensions ['ignore', 'ignore_ament_install']
[0.245s] Level 1:colcon.colcon_core.package_identification:_identify(autonomous_litter_bot_package) by extension 'ignore'
[0.245s] Level 1:colcon.colcon_core.package_identification:_identify(autonomous_litter_bot_package) by extension 'ignore_ament_install'
[0.245s] Level 1:colcon.colcon_core.package_identification:_identify(autonomous_litter_bot_package) by extensions ['colcon_pkg']
[0.245s] Level 1:colcon.colcon_core.package_identification:_identify(autonomous_litter_bot_package) by extension 'colcon_pkg'
[0.246s] Level 1:colcon.colcon_core.package_identification:_identify(autonomous_litter_bot_package) by extensions ['colcon_meta']
[0.246s] Level 1:colcon.colcon_core.package_identification:_identify(autonomous_litter_bot_package) by extension 'colcon_meta'
[0.246s] Level 1:colcon.colcon_core.package_identification:_identify(autonomous_litter_bot_package) by extensions ['ros']
[0.246s] Level 1:colcon.colcon_core.package_identification:_identify(autonomous_litter_bot_package) by extension 'ros'
[0.249s] DEBUG:colcon.colcon_core.package_identification:Package 'autonomous_litter_bot_package' with type 'ros.ament_python' and name 'autonomous_litter_bot_package'
[0.249s] Level 1:colcon.colcon_core.package_identification:_identify(build) by extensions ['ignore', 'ignore_ament_install']
[0.249s] Level 1:colcon.colcon_core.package_identification:_identify(build) by extension 'ignore'
[0.249s] Level 1:colcon.colcon_core.package_identification:_identify(build) ignored
[0.249s] Level 1:colcon.colcon_core.package_identification:_identify(install) by extensions ['ignore', 'ignore_ament_install']
[0.250s] Level 1:colcon.colcon_core.package_identification:_identify(install) by extension 'ignore'
[0.250s] Level 1:colcon.colcon_core.package_identification:_identify(install) ignored
[0.250s] Level 1:colcon.colcon_core.package_identification:_identify(log) by extensions ['ignore', 'ignore_ament_install']
[0.250s] Level 1:colcon.colcon_core.package_identification:_identify(log) by extension 'ignore'
[0.250s] Level 1:colcon.colcon_core.package_identification:_identify(log) ignored
[0.250s] Level 1:colcon.colcon_core.package_identification:_identify(rf2o_laser_odometry) by extensions ['ignore', 'ignore_ament_install']
[0.250s] Level 1:colcon.colcon_core.package_identification:_identify(rf2o_laser_odometry) by extension 'ignore'
[0.250s] Level 1:colcon.colcon_core.package_identification:_identify(rf2o_laser_odometry) by extension 'ignore_ament_install'
[0.250s] Level 1:colcon.colcon_core.package_identification:_identify(rf2o_laser_odometry) by extensions ['colcon_pkg']
[0.250s] Level 1:colcon.colcon_core.package_identification:_identify(rf2o_laser_odometry) by extension 'colcon_pkg'
[0.250s] Level 1:colcon.colcon_core.package_identification:_identify(rf2o_laser_odometry) by extensions ['colcon_meta']
[0.250s] Level 1:colcon.colcon_core.package_identification:_identify(rf2o_laser_odometry) by extension 'colcon_meta'
[0.250s] Level 1:colcon.colcon_core.package_identification:_identify(rf2o_laser_odometry) by extensions ['ros']
[0.250s] Level 1:colcon.colcon_core.package_identification:_identify(rf2o_laser_odometry) by extension 'ros'
[0.251s] DEBUG:colcon.colcon_core.package_identification:Package 'rf2o_laser_odometry' with type 'ros.ament_cmake' and name 'rf2o_laser_odometry'
[0.252s] Level 1:colcon.colcon_core.package_identification:_identify(ros2_mpu6050) by extensions ['ignore', 'ignore_ament_install']
[0.252s] Level 1:colcon.colcon_core.package_identification:_identify(ros2_mpu6050) by extension 'ignore'
[0.252s] Level 1:colcon.colcon_core.package_identification:_identify(ros2_mpu6050) by extension 'ignore_ament_install'
[0.252s] Level 1:colcon.colcon_core.package_identification:_identify(ros2_mpu6050) by extensions ['colcon_pkg']
[0.252s] Level 1:colcon.colcon_core.package_identification:_identify(ros2_mpu6050) by extension 'colcon_pkg'
[0.252s] Level 1:colcon.colcon_core.package_identification:_identify(ros2_mpu6050) by extensions ['colcon_meta']
[0.252s] Level 1:colcon.colcon_core.package_identification:_identify(ros2_mpu6050) by extension 'colcon_meta'
[0.252s] Level 1:colcon.colcon_core.package_identification:_identify(ros2_mpu6050) by extensions ['ros']
[0.252s] Level 1:colcon.colcon_core.package_identification:_identify(ros2_mpu6050) by extension 'ros'
[0.253s] DEBUG:colcon.colcon_core.package_identification:Package 'ros2_mpu6050' with type 'ros.ament_cmake' and name 'ros2_mpu6050'
[0.253s] Level 1:colcon.colcon_core.package_identification:_identify(sllidar_ros2) by extensions ['ignore', 'ignore_ament_install']
[0.253s] Level 1:colcon.colcon_core.package_identification:_identify(sllidar_ros2) by extension 'ignore'
[0.253s] Level 1:colcon.colcon_core.package_identification:_identify(sllidar_ros2) by extension 'ignore_ament_install'
[0.253s] Level 1:colcon.colcon_core.package_identification:_identify(sllidar_ros2) by extensions ['colcon_pkg']
[0.253s] Level 1:colcon.colcon_core.package_identification:_identify(sllidar_ros2) by extension 'colcon_pkg'
[0.253s] Level 1:colcon.colcon_core.package_identification:_identify(sllidar_ros2) by extensions ['colcon_meta']
[0.253s] Level 1:colcon.colcon_core.package_identification:_identify(sllidar_ros2) by extension 'colcon_meta'
[0.253s] Level 1:colcon.colcon_core.package_identification:_identify(sllidar_ros2) by extensions ['ros']
[0.253s] Level 1:colcon.colcon_core.package_identification:_identify(sllidar_ros2) by extension 'ros'
[0.254s] DEBUG:colcon.colcon_core.package_identification:Package 'sllidar_ros2' with type 'ros.ament_cmake' and name 'sllidar_ros2'
[0.254s] Level 1:colcon.colcon_core.package_discovery:discover_packages(recursive) using defaults
[0.254s] Level 1:colcon.colcon_core.package_discovery:discover_packages(ignore) discover
[0.254s] Level 1:colcon.colcon_core.package_discovery:discover_packages(ignore) using defaults
[0.254s] Level 1:colcon.colcon_core.package_discovery:discover_packages(path) discover
[0.254s] Level 1:colcon.colcon_core.package_discovery:discover_packages(path) using defaults
[0.278s] Level 1:colcon.colcon_core.package_discovery:discover_packages(prefix_path) check parameters
[0.278s] Level 1:colcon.colcon_core.package_discovery:discover_packages(prefix_path) discover
[0.282s] DEBUG:colcon.colcon_installed_package_information.package_discovery:Found 303 installed packages in /opt/ros/jazzy
[0.285s] Level 1:colcon.colcon_core.package_discovery:discover_packages(prefix_path) using defaults
[0.346s] Level 5:colcon.colcon_core.verb:set package 'autonomous_litter_bot_package' build argument 'cmake_args' from command line to 'None'
[0.346s] Level 5:colcon.colcon_core.verb:set package 'autonomous_litter_bot_package' build argument 'cmake_target' from command line to 'None'
[0.346s] Level 5:colcon.colcon_core.verb:set package 'autonomous_litter_bot_package' build argument 'cmake_target_skip_unavailable' from command line to 'False'
[0.346s] Level 5:colcon.colcon_core.verb:set package 'autonomous_litter_bot_package' build argument 'cmake_clean_cache' from command line to 'False'
[0.346s] Level 5:colcon.colcon_core.verb:set package 'autonomous_litter_bot_package' build argument 'cmake_clean_first' from command line to 'False'
[0.346s] Level 5:colcon.colcon_core.verb:set package 'autonomous_litter_bot_package' build argument 'cmake_force_configure' from command line to 'False'
[0.346s] Level 5:colcon.colcon_core.verb:set package 'autonomous_litter_bot_package' build argument 'ament_cmake_args' from command line to 'None'
[0.346s] Level 5:colcon.colcon_core.verb:set package 'autonomous_litter_bot_package' build argument 'catkin_cmake_args' from command line to 'None'
[0.346s] Level 5:colcon.colcon_core.verb:set package 'autonomous_litter_bot_package' build argument 'catkin_skip_building_tests' from command line to 'False'
[0.347s] DEBUG:colcon.colcon_core.verb:Building package 'autonomous_litter_bot_package' with the following arguments: {'ament_cmake_args': None, 'build_base': '/home/pi5/capstone-group8/ros2_ws/src/build/autonomous_litter_bot_package', 'catkin_cmake_args': None, 'catkin_skip_building_tests': False, 'cmake_args': None, 'cmake_clean_cache': False, 'cmake_clean_first': False, 'cmake_force_configure': False, 'cmake_target': None, 'cmake_target_skip_unavailable': False, 'install_base': '/home/pi5/capstone-group8/ros2_ws/src/install/autonomous_litter_bot_package', 'merge_install': False, 'path': '/home/pi5/capstone-group8/ros2_ws/src/autonomous_litter_bot_package', 'symlink_install': True, 'test_result_base': None}
[0.347s] Level 5:colcon.colcon_core.verb:set package 'rf2o_laser_odometry' build argument 'cmake_args' from command line to 'None'
[0.347s] Level 5:colcon.colcon_core.verb:set package 'rf2o_laser_odometry' build argument 'cmake_target' from command line to 'None'
[0.347s] Level 5:colcon.colcon_core.verb:set package 'rf2o_laser_odometry' build argument 'cmake_target_skip_unavailable' from command line to 'False'
[0.347s] Level 5:colcon.colcon_core.verb:set package 'rf2o_laser_odometry' build argument 'cmake_clean_cache' from command line to 'False'
[0.347s] Level 5:colcon.colcon_core.verb:set package 'rf2o_laser_odometry' build argument 'cmake_clean_first' from command line to 'False'
[0.347s] Level 5:colcon.colcon_core.verb:set package 'rf2o_laser_odometry' build argument 'cmake_force_configure' from command line to 'False'
[0.347s] Level 5:colcon.colcon_core.verb:set package 'rf2o_laser_odometry' build argument 'ament_cmake_args' from command line to 'None'
[0.347s] Level 5:colcon.colcon_core.verb:set package 'rf2o_laser_odometry' build argument 'catkin_cmake_args' from command line to 'None'
[0.347s] Level 5:colcon.colcon_core.verb:set package 'rf2o_laser_odometry' build argument 'catkin_skip_building_tests' from command line to 'False'
[0.347s] DEBUG:colcon.colcon_core.verb:Building package 'rf2o_laser_odometry' with the following arguments: {'ament_cmake_args': None, 'build_base': '/home/pi5/capstone-group8/ros2_ws/src/build/rf2o_laser_odometry', 'catkin_cmake_args': None, 'catkin_skip_building_tests': False, 'cmake_args': None, 'cmake_clean_cache': False, 'cmake_clean_first': False, 'cmake_force_configure': False, 'cmake_target': None, 'cmake_target_skip_unavailable': False, 'install_base': '/home/pi5/capstone-group8/ros2_ws/src/install/rf2o_laser_odometry', 'merge_install': False, 'path': '/home/pi5/capstone-group8/ros2_ws/src/rf2o_laser_odometry', 'symlink_install': True, 'test_result_base': None}
[0.348s] Level 5:colcon.colcon_core.verb:set package 'ros2_mpu6050' build argument 'cmake_args' from command line to 'None'
[0.348s] Level 5:colcon.colcon_core.verb:set package 'ros2_mpu6050' build argument 'cmake_target' from command line to 'None'
[0.348s] Level 5:colcon.colcon_core.verb:set package 'ros2_mpu6050' build argument 'cmake_target_skip_unavailable' from command line to 'False'
[0.348s] Level 5:colcon.colcon_core.verb:set package 'ros2_mpu6050' build argument 'cmake_clean_cache' from command line to 'False'
[0.348s] Level 5:colcon.colcon_core.verb:set package 'ros2_mpu6050' build argument 'cmake_clean_first' from command line to 'False'
[0.348s] Level 5:colcon.colcon_core.verb:set package 'ros2_mpu6050' build argument 'cmake_force_configure' from command line to 'False'
[0.348s] Level 5:colcon.colcon_core.verb:set package 'ros2_mpu6050' build argument 'ament_cmake_args' from command line to 'None'
[0.348s] Level 5:colcon.colcon_core.verb:set package 'ros2_mpu6050' build argument 'catkin_cmake_args' from command line to 'None'
[0.348s] Level 5:colcon.colcon_core.verb:set package 'ros2_mpu6050' build argument 'catkin_skip_building_tests' from command line to 'False'
[0.348s] DEBUG:colcon.colcon_core.verb:Building package 'ros2_mpu6050' with the following arguments: {'ament_cmake_args': None, 'build_base': '/home/pi5/capstone-group8/ros2_ws/src/build/ros2_mpu6050', 'catkin_cmake_args': None, 'catkin_skip_building_tests': False, 'cmake_args': None, 'cmake_clean_cache': False, 'cmake_clean_first': False, 'cmake_force_configure': False, 'cmake_target': None, 'cmake_target_skip_unavailable': False, 'install_base': '/home/pi5/capstone-group8/ros2_ws/src/install/ros2_mpu6050', 'merge_install': False, 'path': '/home/pi5/capstone-group8/ros2_ws/src/ros2_mpu6050', 'symlink_install': True, 'test_result_base': None}
[0.348s] Level 5:colcon.colcon_core.verb:set package 'sllidar_ros2' build argument 'cmake_args' from command line to 'None'
[0.348s] Level 5:colcon.colcon_core.verb:set package 'sllidar_ros2' build argument 'cmake_target' from command line to 'None'
[0.348s] Level 5:colcon.colcon_core.verb:set package 'sllidar_ros2' build argument 'cmake_target_skip_unavailable' from command line to 'False'
[0.348s] Level 5:colcon.colcon_core.verb:set package 'sllidar_ros2' build argument 'cmake_clean_cache' from command line to 'False'
[0.348s] Level 5:colcon.colcon_core.verb:set package 'sllidar_ros2' build argument 'cmake_clean_first' from command line to 'False'
[0.348s] Level 5:colcon.colcon_core.verb:set package 'sllidar_ros2' build argument 'cmake_force_configure' from command line to 'False'
[0.348s] Level 5:colcon.colcon_core.verb:set package 'sllidar_ros2' build argument 'ament_cmake_args' from command line to 'None'
[0.348s] Level 5:colcon.colcon_core.verb:set package 'sllidar_ros2' build argument 'catkin_cmake_args' from command line to 'None'
[0.348s] Level 5:colcon.colcon_core.verb:set package 'sllidar_ros2' build argument 'catkin_skip_building_tests' from command line to 'False'
[0.348s] DEBUG:colcon.colcon_core.verb:Building package 'sllidar_ros2' with the following arguments: {'ament_cmake_args': None, 'build_base': '/home/pi5/capstone-group8/ros2_ws/src/build/sllidar_ros2', 'catkin_cmake_args': None, 'catkin_skip_building_tests': False, 'cmake_args': None, 'cmake_clean_cache': False, 'cmake_clean_first': False, 'cmake_force_configure': False, 'cmake_target': None, 'cmake_target_skip_unavailable': False, 'install_base': '/home/pi5/capstone-group8/ros2_ws/src/install/sllidar_ros2', 'merge_install': False, 'path': '/home/pi5/capstone-group8/ros2_ws/src/sllidar_ros2', 'symlink_install': True, 'test_result_base': None}
[0.349s] INFO:colcon.colcon_core.executor:Executing jobs using 'parallel' executor
[0.350s] DEBUG:colcon.colcon_parallel_executor.executor.parallel:run_until_complete
[0.350s] INFO:colcon.colcon_ros.task.ament_python.build:Building ROS package in '/home/pi5/capstone-group8/ros2_ws/src/autonomous_litter_bot_package' with build type 'ament_python'
[0.351s] Level 1:colcon.colcon_core.shell:create_environment_hook('autonomous_litter_bot_package', 'ament_prefix_path')
[0.356s] INFO:colcon.colcon_core.plugin_system:Skipping extension 'colcon_core.shell.bat': Not used on non-Windows systems
[0.357s] INFO:colcon.colcon_core.shell:Creating environment hook '/home/pi5/capstone-group8/ros2_ws/src/install/autonomous_litter_bot_package/share/autonomous_litter_bot_package/hook/ament_prefix_path.ps1'
[0.358s] INFO:colcon.colcon_core.shell:Creating environment descriptor '/home/pi5/capstone-group8/ros2_ws/src/install/autonomous_litter_bot_package/share/autonomous_litter_bot_package/hook/ament_prefix_path.dsv'
[0.359s] INFO:colcon.colcon_core.shell:Creating environment hook '/home/pi5/capstone-group8/ros2_ws/src/install/autonomous_litter_bot_package/share/autonomous_litter_bot_package/hook/ament_prefix_path.sh'
[0.360s] INFO:colcon.colcon_core.shell:Skip shell extension 'powershell' for command environment: Not usable outside of PowerShell
[0.360s] DEBUG:colcon.colcon_core.shell:Skip shell extension 'dsv' for command environment
[0.366s] INFO:colcon.colcon_ros.task.ament_cmake.build:Building ROS package in '/home/pi5/capstone-group8/ros2_ws/src/rf2o_laser_odometry' with build type 'ament_cmake'
[0.366s] INFO:colcon.colcon_cmake.task.cmake.build:Building CMake package in '/home/pi5/capstone-group8/ros2_ws/src/rf2o_laser_odometry'
[0.367s] INFO:colcon.colcon_core.shell:Skip shell extension 'powershell' for command environment: Not usable outside of PowerShell
[0.367s] DEBUG:colcon.colcon_core.shell:Skip shell extension 'dsv' for command environment
[0.379s] INFO:colcon.colcon_ros.task.ament_cmake.build:Building ROS package in '/home/pi5/capstone-group8/ros2_ws/src/ros2_mpu6050' with build type 'ament_cmake'
[0.379s] INFO:colcon.colcon_cmake.task.cmake.build:Building CMake package in '/home/pi5/capstone-group8/ros2_ws/src/ros2_mpu6050'
[0.380s] INFO:colcon.colcon_core.shell:Skip shell extension 'powershell' for command environment: Not usable outside of PowerShell
[0.380s] DEBUG:colcon.colcon_core.shell:Skip shell extension 'dsv' for command environment
[0.385s] INFO:colcon.colcon_ros.task.ament_cmake.build:Building ROS package in '/home/pi5/capstone-group8/ros2_ws/src/sllidar_ros2' with build type 'ament_cmake'
[0.385s] INFO:colcon.colcon_cmake.task.cmake.build:Building CMake package in '/home/pi5/capstone-group8/ros2_ws/src/sllidar_ros2'
[0.386s] INFO:colcon.colcon_core.shell:Skip shell extension 'powershell' for command environment: Not usable outside of PowerShell
[0.386s] DEBUG:colcon.colcon_core.shell:Skip shell extension 'dsv' for command environment
[0.815s] INFO:colcon.colcon_core.task.python.build:Building Python package in '/home/pi5/capstone-group8/ros2_ws/src/autonomous_litter_bot_package'
[0.816s] INFO:colcon.colcon_core.shell:Skip shell extension 'powershell' for command environment: Not usable outside of PowerShell
[0.816s] DEBUG:colcon.colcon_core.shell:Skip shell extension 'dsv' for command environment
[0.827s] DEBUG:colcon.colcon_core.event_handler.log_command:Invoking command in '/home/pi5/capstone-group8/ros2_ws/src/build/rf2o_laser_odometry': CMAKE_PREFIX_PATH=${CMAKE_PREFIX_PATH}:/opt/ros/jazzy DEBUGINFOD_URLS=https://debuginfod.ubuntu.com /usr/bin/cmake --build /home/pi5/capstone-group8/ros2_ws/src/build/rf2o_laser_odometry -- -j4 -l4
[0.831s] DEBUG:colcon.colcon_core.event_handler.log_command:Invoking command in '/home/pi5/capstone-group8/ros2_ws/src/build/ros2_mpu6050': CMAKE_PREFIX_PATH=${CMAKE_PREFIX_PATH}:/opt/ros/jazzy DEBUGINFOD_URLS=https://debuginfod.ubuntu.com /usr/bin/cmake /home/pi5/capstone-group8/ros2_ws/src/ros2_mpu6050 -DAMENT_CMAKE_SYMLINK_INSTALL=1 -DCMAKE_INSTALL_PREFIX=/home/pi5/capstone-group8/ros2_ws/src/install/ros2_mpu6050
[0.838s] DEBUG:colcon.colcon_core.event_handler.log_command:Invoking command in '/home/pi5/capstone-group8/ros2_ws/src/build/sllidar_ros2': CMAKE_PREFIX_PATH=${CMAKE_PREFIX_PATH}:/opt/ros/jazzy DEBUGINFOD_URLS=https://debuginfod.ubuntu.com /usr/bin/cmake /home/pi5/capstone-group8/ros2_ws/src/sllidar_ros2 -DAMENT_CMAKE_SYMLINK_INSTALL=1 -DCMAKE_INSTALL_PREFIX=/home/pi5/capstone-group8/ros2_ws/src/install/sllidar_ros2
[2.204s] DEBUG:colcon.colcon_core.event_handler.log_command:Invoking command in '/home/pi5/capstone-group8/ros2_ws/src/build/autonomous_litter_bot_package': DEBUGINFOD_URLS=https://debuginfod.ubuntu.com PYTHONPATH=/home/pi5/capstone-group8/ros2_ws/src/build/autonomous_litter_bot_package/prefix_override:/usr/lib/python3/dist-packages/colcon_core/task/python/colcon_distutils_commands:/home/pi5/capstone-group8/ros2_ws/src/install/autonomous_litter_bot_package/lib/python3.12/site-packages:${PYTHONPATH} /usr/bin/python3 -W ignore:setup.py install is deprecated -W ignore:easy_install command is deprecated setup.py develop --editable --build-directory /home/pi5/capstone-group8/ros2_ws/src/build/autonomous_litter_bot_package/build --no-deps symlink_data
[4.627s] Level 1:colcon.colcon_core.shell:create_environment_hook('autonomous_litter_bot_package', 'pythonpath_develop')
[4.628s] INFO:colcon.colcon_core.shell:Creating environment hook '/home/pi5/capstone-group8/ros2_ws/src/build/autonomous_litter_bot_package/share/autonomous_litter_bot_package/hook/pythonpath_develop.ps1'
[4.631s] INFO:colcon.colcon_core.shell:Creating environment descriptor '/home/pi5/capstone-group8/ros2_ws/src/build/autonomous_litter_bot_package/share/autonomous_litter_bot_package/hook/pythonpath_develop.dsv'
[4.635s] INFO:colcon.colcon_core.shell:Creating environment hook '/home/pi5/capstone-group8/ros2_ws/src/build/autonomous_litter_bot_package/share/autonomous_litter_bot_package/hook/pythonpath_develop.sh'
[4.646s] DEBUG:colcon.colcon_core.event_handler.log_command:Invoked command in '/home/pi5/capstone-group8/ros2_ws/src/build/autonomous_litter_bot_package' returned '0': DEBUGINFOD_URLS=https://debuginfod.ubuntu.com PYTHONPATH=/home/pi5/capstone-group8/ros2_ws/src/build/autonomous_litter_bot_package/prefix_override:/usr/lib/python3/dist-packages/colcon_core/task/python/colcon_distutils_commands:/home/pi5/capstone-group8/ros2_ws/src/install/autonomous_litter_bot_package/lib/python3.12/site-packages:${PYTHONPATH} /usr/bin/python3 -W ignore:setup.py install is deprecated -W ignore:easy_install command is deprecated setup.py develop --editable --build-directory /home/pi5/capstone-group8/ros2_ws/src/build/autonomous_litter_bot_package/build --no-deps symlink_data
[4.650s] Level 1:colcon.colcon_core.environment:checking '/home/pi5/capstone-group8/ros2_ws/src/install/autonomous_litter_bot_package' for CMake module files
[4.657s] Level 1:colcon.colcon_core.environment:checking '/home/pi5/capstone-group8/ros2_ws/src/install/autonomous_litter_bot_package' for CMake config files
[4.659s] Level 1:colcon.colcon_core.environment:checking '/home/pi5/capstone-group8/ros2_ws/src/install/autonomous_litter_bot_package/lib'
[4.659s] Level 1:colcon.colcon_core.environment:checking '/home/pi5/capstone-group8/ros2_ws/src/install/autonomous_litter_bot_package/bin'
[4.660s] Level 1:colcon.colcon_core.environment:checking '/home/pi5/capstone-group8/ros2_ws/src/install/autonomous_litter_bot_package/lib/pkgconfig/autonomous_litter_bot_package.pc'
[4.660s] Level 1:colcon.colcon_core.environment:checking '/home/pi5/capstone-group8/ros2_ws/src/install/autonomous_litter_bot_package/lib/python3.12/site-packages'
[4.660s] Level 1:colcon.colcon_core.shell:create_environment_hook('autonomous_litter_bot_package', 'pythonpath')
[4.661s] INFO:colcon.colcon_core.shell:Creating environment hook '/home/pi5/capstone-group8/ros2_ws/src/install/autonomous_litter_bot_package/share/autonomous_litter_bot_package/hook/pythonpath.ps1'
[4.662s] INFO:colcon.colcon_core.shell:Creating environment descriptor '/home/pi5/capstone-group8/ros2_ws/src/install/autonomous_litter_bot_package/share/autonomous_litter_bot_package/hook/pythonpath.dsv'
[4.662s] INFO:colcon.colcon_core.shell:Creating environment hook '/home/pi5/capstone-group8/ros2_ws/src/install/autonomous_litter_bot_package/share/autonomous_litter_bot_package/hook/pythonpath.sh'
[4.664s] Level 1:colcon.colcon_core.environment:checking '/home/pi5/capstone-group8/ros2_ws/src/install/autonomous_litter_bot_package/bin'
[4.665s] Level 1:colcon.colcon_core.environment:create_environment_scripts_only(autonomous_litter_bot_package)
[4.666s] INFO:colcon.colcon_core.shell:Creating package script '/home/pi5/capstone-group8/ros2_ws/src/install/autonomous_litter_bot_package/share/autonomous_litter_bot_package/package.ps1'
[4.668s] INFO:colcon.colcon_core.shell:Creating package descriptor '/home/pi5/capstone-group8/ros2_ws/src/install/autonomous_litter_bot_package/share/autonomous_litter_bot_package/package.dsv'
[4.669s] INFO:colcon.colcon_core.shell:Creating package script '/home/pi5/capstone-group8/ros2_ws/src/install/autonomous_litter_bot_package/share/autonomous_litter_bot_package/package.sh'
[4.670s] INFO:colcon.colcon_core.shell:Creating package script '/home/pi5/capstone-group8/ros2_ws/src/install/autonomous_litter_bot_package/share/autonomous_litter_bot_package/package.bash'
[4.671s] INFO:colcon.colcon_core.shell:Creating package script '/home/pi5/capstone-group8/ros2_ws/src/install/autonomous_litter_bot_package/share/autonomous_litter_bot_package/package.zsh'
[4.673s] Level 1:colcon.colcon_core.environment:create_file_with_runtime_dependencies(/home/pi5/capstone-group8/ros2_ws/src/install/autonomous_litter_bot_package/share/colcon-core/packages/autonomous_litter_bot_package)
[8.258s] DEBUG:colcon.colcon_core.event_handler.log_command:Invoked command in '/home/pi5/capstone-group8/ros2_ws/src/build/ros2_mpu6050' returned '0': CMAKE_PREFIX_PATH=${CMAKE_PREFIX_PATH}:/opt/ros/jazzy DEBUGINFOD_URLS=https://debuginfod.ubuntu.com /usr/bin/cmake /home/pi5/capstone-group8/ros2_ws/src/ros2_mpu6050 -DAMENT_CMAKE_SYMLINK_INSTALL=1 -DCMAKE_INSTALL_PREFIX=/home/pi5/capstone-group8/ros2_ws/src/install/ros2_mpu6050
[8.261s] DEBUG:colcon.colcon_core.event_handler.log_command:Invoking command in '/home/pi5/capstone-group8/ros2_ws/src/build/ros2_mpu6050': CMAKE_PREFIX_PATH=${CMAKE_PREFIX_PATH}:/opt/ros/jazzy DEBUGINFOD_URLS=https://debuginfod.ubuntu.com /usr/bin/cmake --build /home/pi5/capstone-group8/ros2_ws/src/build/ros2_mpu6050 -- -j4 -l4
[8.398s] DEBUG:colcon.colcon_core.event_handler.log_command:Invoked command in '/home/pi5/capstone-group8/ros2_ws/src/build/sllidar_ros2' returned '0': CMAKE_PREFIX_PATH=${CMAKE_PREFIX_PATH}:/opt/ros/jazzy DEBUGINFOD_URLS=https://debuginfod.ubuntu.com /usr/bin/cmake /home/pi5/capstone-group8/ros2_ws/src/sllidar_ros2 -DAMENT_CMAKE_SYMLINK_INSTALL=1 -DCMAKE_INSTALL_PREFIX=/home/pi5/capstone-group8/ros2_ws/src/install/sllidar_ros2
[8.398s] DEBUG:colcon.colcon_core.event_handler.log_command:Invoking command in '/home/pi5/capstone-group8/ros2_ws/src/build/sllidar_ros2': CMAKE_PREFIX_PATH=${CMAKE_PREFIX_PATH}:/opt/ros/jazzy DEBUGINFOD_URLS=https://debuginfod.ubuntu.com /usr/bin/cmake --build /home/pi5/capstone-group8/ros2_ws/src/build/sllidar_ros2 -- -j4 -l4
[38.834s] DEBUG:colcon.colcon_core.event_handler.log_command:Invoked command in '/home/pi5/capstone-group8/ros2_ws/src/build/ros2_mpu6050' returned '0': CMAKE_PREFIX_PATH=${CMAKE_PREFIX_PATH}:/opt/ros/jazzy DEBUGINFOD_URLS=https://debuginfod.ubuntu.com /usr/bin/cmake --build /home/pi5/capstone-group8/ros2_ws/src/build/ros2_mpu6050 -- -j4 -l4
[38.891s] DEBUG:colcon.colcon_core.event_handler.log_command:Invoking command in '/home/pi5/capstone-group8/ros2_ws/src/build/ros2_mpu6050': CMAKE_PREFIX_PATH=${CMAKE_PREFIX_PATH}:/opt/ros/jazzy DEBUGINFOD_URLS=https://debuginfod.ubuntu.com /usr/bin/cmake --install /home/pi5/capstone-group8/ros2_ws/src/build/ros2_mpu6050
[40.126s] Level 1:colcon.colcon_core.environment:create_environment_scripts_only(ros2_mpu6050)
[40.127s] Level 1:colcon.colcon_core.environment:checking '/home/pi5/capstone-group8/ros2_ws/src/install/ros2_mpu6050' for CMake module files
[40.135s] Level 1:colcon.colcon_core.environment:checking '/home/pi5/capstone-group8/ros2_ws/src/install/ros2_mpu6050' for CMake config files
[40.136s] Level 1:colcon.colcon_core.shell:create_environment_hook('ros2_mpu6050', 'cmake_prefix_path')
[40.137s] INFO:colcon.colcon_core.shell:Creating environment hook '/home/pi5/capstone-group8/ros2_ws/src/install/ros2_mpu6050/share/ros2_mpu6050/hook/cmake_prefix_path.ps1'
[40.144s] DEBUG:colcon.colcon_core.event_handler.log_command:Invoked command in '/home/pi5/capstone-group8/ros2_ws/src/build/ros2_mpu6050' returned '0': CMAKE_PREFIX_PATH=${CMAKE_PREFIX_PATH}:/opt/ros/jazzy DEBUGINFOD_URLS=https://debuginfod.ubuntu.com /usr/bin/cmake --install /home/pi5/capstone-group8/ros2_ws/src/build/ros2_mpu6050
[40.144s] INFO:colcon.colcon_core.shell:Creating environment descriptor '/home/pi5/capstone-group8/ros2_ws/src/install/ros2_mpu6050/share/ros2_mpu6050/hook/cmake_prefix_path.dsv'
[40.145s] INFO:colcon.colcon_core.shell:Creating environment hook '/home/pi5/capstone-group8/ros2_ws/src/install/ros2_mpu6050/share/ros2_mpu6050/hook/cmake_prefix_path.sh'
[40.150s] Level 1:colcon.colcon_core.environment:checking '/home/pi5/capstone-group8/ros2_ws/src/install/ros2_mpu6050/lib'
[40.151s] Level 1:colcon.colcon_core.environment:checking '/home/pi5/capstone-group8/ros2_ws/src/install/ros2_mpu6050/bin'
[40.151s] Level 1:colcon.colcon_core.environment:checking '/home/pi5/capstone-group8/ros2_ws/src/install/ros2_mpu6050/lib/pkgconfig/ros2_mpu6050.pc'
[40.151s] Level 1:colcon.colcon_core.environment:checking '/home/pi5/capstone-group8/ros2_ws/src/install/ros2_mpu6050/lib/python3.12/site-packages'
[40.152s] Level 1:colcon.colcon_core.environment:checking '/home/pi5/capstone-group8/ros2_ws/src/install/ros2_mpu6050/bin'
[40.152s] INFO:colcon.colcon_core.shell:Creating package script '/home/pi5/capstone-group8/ros2_ws/src/install/ros2_mpu6050/share/ros2_mpu6050/package.ps1'
[40.159s] INFO:colcon.colcon_core.shell:Creating package descriptor '/home/pi5/capstone-group8/ros2_ws/src/install/ros2_mpu6050/share/ros2_mpu6050/package.dsv'
[40.160s] INFO:colcon.colcon_core.shell:Creating package script '/home/pi5/capstone-group8/ros2_ws/src/install/ros2_mpu6050/share/ros2_mpu6050/package.sh'
[40.168s] INFO:colcon.colcon_core.shell:Creating package script '/home/pi5/capstone-group8/ros2_ws/src/install/ros2_mpu6050/share/ros2_mpu6050/package.bash'
[40.169s] INFO:colcon.colcon_core.shell:Creating package script '/home/pi5/capstone-group8/ros2_ws/src/install/ros2_mpu6050/share/ros2_mpu6050/package.zsh'
[40.169s] Level 1:colcon.colcon_core.environment:create_file_with_runtime_dependencies(/home/pi5/capstone-group8/ros2_ws/src/install/ros2_mpu6050/share/colcon-core/packages/ros2_mpu6050)
[40.177s] Level 1:colcon.colcon_core.environment:create_environment_scripts_only(ros2_mpu6050)
[40.177s] Level 1:colcon.colcon_core.environment:checking '/home/pi5/capstone-group8/ros2_ws/src/install/ros2_mpu6050' for CMake module files
[40.178s] Level 1:colcon.colcon_core.environment:checking '/home/pi5/capstone-group8/ros2_ws/src/install/ros2_mpu6050' for CMake config files
[40.179s] Level 1:colcon.colcon_core.shell:create_environment_hook('ros2_mpu6050', 'cmake_prefix_path')
[40.185s] INFO:colcon.colcon_core.shell:Creating environment hook '/home/pi5/capstone-group8/ros2_ws/src/install/ros2_mpu6050/share/ros2_mpu6050/hook/cmake_prefix_path.ps1'
[40.187s] INFO:colcon.colcon_core.shell:Creating environment descriptor '/home/pi5/capstone-group8/ros2_ws/src/install/ros2_mpu6050/share/ros2_mpu6050/hook/cmake_prefix_path.dsv'
[40.194s] INFO:colcon.colcon_core.shell:Creating environment hook '/home/pi5/capstone-group8/ros2_ws/src/install/ros2_mpu6050/share/ros2_mpu6050/hook/cmake_prefix_path.sh'
[40.198s] Level 1:colcon.colcon_core.environment:checking '/home/pi5/capstone-group8/ros2_ws/src/install/ros2_mpu6050/lib'
[40.201s] Level 1:colcon.colcon_core.environment:checking '/home/pi5/capstone-group8/ros2_ws/src/install/ros2_mpu6050/bin'
[40.201s] Level 1:colcon.colcon_core.environment:checking '/home/pi5/capstone-group8/ros2_ws/src/install/ros2_mpu6050/lib/pkgconfig/ros2_mpu6050.pc'
[40.202s] Level 1:colcon.colcon_core.environment:checking '/home/pi5/capstone-group8/ros2_ws/src/install/ros2_mpu6050/lib/python3.12/site-packages'
[40.202s] Level 1:colcon.colcon_core.environment:checking '/home/pi5/capstone-group8/ros2_ws/src/install/ros2_mpu6050/bin'
[40.203s] INFO:colcon.colcon_core.shell:Creating package script '/home/pi5/capstone-group8/ros2_ws/src/install/ros2_mpu6050/share/ros2_mpu6050/package.ps1'
[40.211s] INFO:colcon.colcon_core.shell:Creating package descriptor '/home/pi5/capstone-group8/ros2_ws/src/install/ros2_mpu6050/share/ros2_mpu6050/package.dsv'
[40.219s] INFO:colcon.colcon_core.shell:Creating package script '/home/pi5/capstone-group8/ros2_ws/src/install/ros2_mpu6050/share/ros2_mpu6050/package.sh'
[40.220s] INFO:colcon.colcon_core.shell:Creating package script '/home/pi5/capstone-group8/ros2_ws/src/install/ros2_mpu6050/share/ros2_mpu6050/package.bash'
[40.221s] INFO:colcon.colcon_core.shell:Creating package script '/home/pi5/capstone-group8/ros2_ws/src/install/ros2_mpu6050/share/ros2_mpu6050/package.zsh'
[40.229s] Level 1:colcon.colcon_core.environment:create_file_with_runtime_dependencies(/home/pi5/capstone-group8/ros2_ws/src/install/ros2_mpu6050/share/colcon-core/packages/ros2_mpu6050)
[58.011s] DEBUG:colcon.colcon_core.event_handler.log_command:Invoked command in '/home/pi5/capstone-group8/ros2_ws/src/build/sllidar_ros2' returned '0': CMAKE_PREFIX_PATH=${CMAKE_PREFIX_PATH}:/opt/ros/jazzy DEBUGINFOD_URLS=https://debuginfod.ubuntu.com /usr/bin/cmake --build /home/pi5/capstone-group8/ros2_ws/src/build/sllidar_ros2 -- -j4 -l4
[58.014s] DEBUG:colcon.colcon_core.event_handler.log_command:Invoking command in '/home/pi5/capstone-group8/ros2_ws/src/build/sllidar_ros2': CMAKE_PREFIX_PATH=${CMAKE_PREFIX_PATH}:/opt/ros/jazzy DEBUGINFOD_URLS=https://debuginfod.ubuntu.com /usr/bin/cmake --install /home/pi5/capstone-group8/ros2_ws/src/build/sllidar_ros2
[59.673s] Level 1:colcon.colcon_core.environment:create_environment_scripts_only(sllidar_ros2)
[59.674s] Level 1:colcon.colcon_core.environment:checking '/home/pi5/capstone-group8/ros2_ws/src/install/sllidar_ros2' for CMake module files
[59.675s] Level 1:colcon.colcon_core.environment:checking '/home/pi5/capstone-group8/ros2_ws/src/install/sllidar_ros2' for CMake config files
[59.675s] DEBUG:colcon.colcon_core.event_handler.log_command:Invoked command in '/home/pi5/capstone-group8/ros2_ws/src/build/sllidar_ros2' returned '0': CMAKE_PREFIX_PATH=${CMAKE_PREFIX_PATH}:/opt/ros/jazzy DEBUGINFOD_URLS=https://debuginfod.ubuntu.com /usr/bin/cmake --install /home/pi5/capstone-group8/ros2_ws/src/build/sllidar_ros2
[59.676s] Level 1:colcon.colcon_core.shell:create_environment_hook('sllidar_ros2', 'cmake_prefix_path')
[59.677s] INFO:colcon.colcon_core.shell:Creating environment hook '/home/pi5/capstone-group8/ros2_ws/src/install/sllidar_ros2/share/sllidar_ros2/hook/cmake_prefix_path.ps1'
[59.678s] INFO:colcon.colcon_core.shell:Creating environment descriptor '/home/pi5/capstone-group8/ros2_ws/src/install/sllidar_ros2/share/sllidar_ros2/hook/cmake_prefix_path.dsv'
[59.678s] INFO:colcon.colcon_core.shell:Creating environment hook '/home/pi5/capstone-group8/ros2_ws/src/install/sllidar_ros2/share/sllidar_ros2/hook/cmake_prefix_path.sh'
[59.679s] Level 1:colcon.colcon_core.environment:checking '/home/pi5/capstone-group8/ros2_ws/src/install/sllidar_ros2/lib'
[59.679s] Level 1:colcon.colcon_core.environment:checking '/home/pi5/capstone-group8/ros2_ws/src/install/sllidar_ros2/bin'
[59.680s] Level 1:colcon.colcon_core.environment:checking '/home/pi5/capstone-group8/ros2_ws/src/install/sllidar_ros2/lib/pkgconfig/sllidar_ros2.pc'
[59.680s] Level 1:colcon.colcon_core.environment:checking '/home/pi5/capstone-group8/ros2_ws/src/install/sllidar_ros2/lib/python3.12/site-packages'
[59.682s] Level 1:colcon.colcon_core.environment:checking '/home/pi5/capstone-group8/ros2_ws/src/install/sllidar_ros2/bin'
[59.682s] INFO:colcon.colcon_core.shell:Creating package script '/home/pi5/capstone-group8/ros2_ws/src/install/sllidar_ros2/share/sllidar_ros2/package.ps1'
[59.683s] INFO:colcon.colcon_core.shell:Creating package descriptor '/home/pi5/capstone-group8/ros2_ws/src/install/sllidar_ros2/share/sllidar_ros2/package.dsv'
[59.685s] INFO:colcon.colcon_core.shell:Creating package script '/home/pi5/capstone-group8/ros2_ws/src/install/sllidar_ros2/share/sllidar_ros2/package.sh'
[59.686s] INFO:colcon.colcon_core.shell:Creating package script '/home/pi5/capstone-group8/ros2_ws/src/install/sllidar_ros2/share/sllidar_ros2/package.bash'
[59.689s] INFO:colcon.colcon_core.shell:Creating package script '/home/pi5/capstone-group8/ros2_ws/src/install/sllidar_ros2/share/sllidar_ros2/package.zsh'
[59.691s] Level 1:colcon.colcon_core.environment:create_file_with_runtime_dependencies(/home/pi5/capstone-group8/ros2_ws/src/install/sllidar_ros2/share/colcon-core/packages/sllidar_ros2)
[59.693s] Level 1:colcon.colcon_core.environment:create_environment_scripts_only(sllidar_ros2)
[59.693s] Level 1:colcon.colcon_core.environment:checking '/home/pi5/capstone-group8/ros2_ws/src/install/sllidar_ros2' for CMake module files
[59.694s] Level 1:colcon.colcon_core.environment:checking '/home/pi5/capstone-group8/ros2_ws/src/install/sllidar_ros2' for CMake config files
[59.695s] Level 1:colcon.colcon_core.shell:create_environment_hook('sllidar_ros2', 'cmake_prefix_path')
[59.695s] INFO:colcon.colcon_core.shell:Creating environment hook '/home/pi5/capstone-group8/ros2_ws/src/install/sllidar_ros2/share/sllidar_ros2/hook/cmake_prefix_path.ps1'
[59.696s] INFO:colcon.colcon_core.shell:Creating environment descriptor '/home/pi5/capstone-group8/ros2_ws/src/install/sllidar_ros2/share/sllidar_ros2/hook/cmake_prefix_path.dsv'
[59.703s] INFO:colcon.colcon_core.shell:Creating environment hook '/home/pi5/capstone-group8/ros2_ws/src/install/sllidar_ros2/share/sllidar_ros2/hook/cmake_prefix_path.sh'
[59.705s] Level 1:colcon.colcon_core.environment:checking '/home/pi5/capstone-group8/ros2_ws/src/install/sllidar_ros2/lib'
[59.705s] Level 1:colcon.colcon_core.environment:checking '/home/pi5/capstone-group8/ros2_ws/src/install/sllidar_ros2/bin'
[59.705s] Level 1:colcon.colcon_core.environment:checking '/home/pi5/capstone-group8/ros2_ws/src/install/sllidar_ros2/lib/pkgconfig/sllidar_ros2.pc'
[59.705s] Level 1:colcon.colcon_core.environment:checking '/home/pi5/capstone-group8/ros2_ws/src/install/sllidar_ros2/lib/python3.12/site-packages'
[59.706s] Level 1:colcon.colcon_core.environment:checking '/home/pi5/capstone-group8/ros2_ws/src/install/sllidar_ros2/bin'
[59.706s] INFO:colcon.colcon_core.shell:Creating package script '/home/pi5/capstone-group8/ros2_ws/src/install/sllidar_ros2/share/sllidar_ros2/package.ps1'
[59.709s] INFO:colcon.colcon_core.shell:Creating package descriptor '/home/pi5/capstone-group8/ros2_ws/src/install/sllidar_ros2/share/sllidar_ros2/package.dsv'
[59.710s] INFO:colcon.colcon_core.shell:Creating package script '/home/pi5/capstone-group8/ros2_ws/src/install/sllidar_ros2/share/sllidar_ros2/package.sh'
[59.713s] INFO:colcon.colcon_core.shell:Creating package script '/home/pi5/capstone-group8/ros2_ws/src/install/sllidar_ros2/share/sllidar_ros2/package.bash'
[59.714s] INFO:colcon.colcon_core.shell:Creating package script '/home/pi5/capstone-group8/ros2_ws/src/install/sllidar_ros2/share/sllidar_ros2/package.zsh'
[59.716s] Level 1:colcon.colcon_core.environment:create_file_with_runtime_dependencies(/home/pi5/capstone-group8/ros2_ws/src/install/sllidar_ros2/share/colcon-core/packages/sllidar_ros2)
[79.579s] DEBUG:colcon.colcon_core.event_handler.log_command:Invoked command in '/home/pi5/capstone-group8/ros2_ws/src/build/rf2o_laser_odometry' returned '0': CMAKE_PREFIX_PATH=${CMAKE_PREFIX_PATH}:/opt/ros/jazzy DEBUGINFOD_URLS=https://debuginfod.ubuntu.com /usr/bin/cmake --build /home/pi5/capstone-group8/ros2_ws/src/build/rf2o_laser_odometry -- -j4 -l4
[79.588s] DEBUG:colcon.colcon_core.event_handler.log_command:Invoking command in '/home/pi5/capstone-group8/ros2_ws/src/build/rf2o_laser_odometry': CMAKE_PREFIX_PATH=${CMAKE_PREFIX_PATH}:/opt/ros/jazzy DEBUGINFOD_URLS=https://debuginfod.ubuntu.com /usr/bin/cmake --install /home/pi5/capstone-group8/ros2_ws/src/build/rf2o_laser_odometry
[79.962s] Level 1:colcon.colcon_core.environment:create_environment_scripts_only(rf2o_laser_odometry)
[79.963s] Level 1:colcon.colcon_core.environment:checking '/home/pi5/capstone-group8/ros2_ws/src/install/rf2o_laser_odometry' for CMake module files
[79.963s] DEBUG:colcon.colcon_core.event_handler.log_command:Invoked command in '/home/pi5/capstone-group8/ros2_ws/src/build/rf2o_laser_odometry' returned '0': CMAKE_PREFIX_PATH=${CMAKE_PREFIX_PATH}:/opt/ros/jazzy DEBUGINFOD_URLS=https://debuginfod.ubuntu.com /usr/bin/cmake --install /home/pi5/capstone-group8/ros2_ws/src/build/rf2o_laser_odometry
[79.964s] Level 1:colcon.colcon_core.environment:checking '/home/pi5/capstone-group8/ros2_ws/src/install/rf2o_laser_odometry' for CMake config files
[79.964s] Level 1:colcon.colcon_core.shell:create_environment_hook('rf2o_laser_odometry', 'cmake_prefix_path')
[79.965s] INFO:colcon.colcon_core.shell:Creating environment hook '/home/pi5/capstone-group8/ros2_ws/src/install/rf2o_laser_odometry/share/rf2o_laser_odometry/hook/cmake_prefix_path.ps1'
[79.965s] INFO:colcon.colcon_core.shell:Creating environment descriptor '/home/pi5/capstone-group8/ros2_ws/src/install/rf2o_laser_odometry/share/rf2o_laser_odometry/hook/cmake_prefix_path.dsv'
[79.966s] INFO:colcon.colcon_core.shell:Creating environment hook '/home/pi5/capstone-group8/ros2_ws/src/install/rf2o_laser_odometry/share/rf2o_laser_odometry/hook/cmake_prefix_path.sh'
[79.966s] Level 1:colcon.colcon_core.environment:checking '/home/pi5/capstone-group8/ros2_ws/src/install/rf2o_laser_odometry/lib'
[79.966s] Level 1:colcon.colcon_core.environment:checking '/home/pi5/capstone-group8/ros2_ws/src/install/rf2o_laser_odometry/bin'
[79.966s] Level 1:colcon.colcon_core.environment:checking '/home/pi5/capstone-group8/ros2_ws/src/install/rf2o_laser_odometry/lib/pkgconfig/rf2o_laser_odometry.pc'
[79.967s] Level 1:colcon.colcon_core.environment:checking '/home/pi5/capstone-group8/ros2_ws/src/install/rf2o_laser_odometry/lib/python3.12/site-packages'
[79.967s] Level 1:colcon.colcon_core.environment:checking '/home/pi5/capstone-group8/ros2_ws/src/install/rf2o_laser_odometry/bin'
[79.968s] INFO:colcon.colcon_core.shell:Creating package script '/home/pi5/capstone-group8/ros2_ws/src/install/rf2o_laser_odometry/share/rf2o_laser_odometry/package.ps1'
[79.969s] INFO:colcon.colcon_core.shell:Creating package descriptor '/home/pi5/capstone-group8/ros2_ws/src/install/rf2o_laser_odometry/share/rf2o_laser_odometry/package.dsv'
[79.970s] INFO:colcon.colcon_core.shell:Creating package script '/home/pi5/capstone-group8/ros2_ws/src/install/rf2o_laser_odometry/share/rf2o_laser_odometry/package.sh'
[79.970s] INFO:colcon.colcon_core.shell:Creating package script '/home/pi5/capstone-group8/ros2_ws/src/install/rf2o_laser_odometry/share/rf2o_laser_odometry/package.bash'
[79.971s] INFO:colcon.colcon_core.shell:Creating package script '/home/pi5/capstone-group8/ros2_ws/src/install/rf2o_laser_odometry/share/rf2o_laser_odometry/package.zsh'
[79.971s] Level 1:colcon.colcon_core.environment:create_file_with_runtime_dependencies(/home/pi5/capstone-group8/ros2_ws/src/install/rf2o_laser_odometry/share/colcon-core/packages/rf2o_laser_odometry)
[79.972s] Level 1:colcon.colcon_core.environment:create_environment_scripts_only(rf2o_laser_odometry)
[79.972s] Level 1:colcon.colcon_core.environment:checking '/home/pi5/capstone-group8/ros2_ws/src/install/rf2o_laser_odometry' for CMake module files
[79.973s] Level 1:colcon.colcon_core.environment:checking '/home/pi5/capstone-group8/ros2_ws/src/install/rf2o_laser_odometry' for CMake config files
[79.973s] Level 1:colcon.colcon_core.shell:create_environment_hook('rf2o_laser_odometry', 'cmake_prefix_path')
[79.973s] INFO:colcon.colcon_core.shell:Creating environment hook '/home/pi5/capstone-group8/ros2_ws/src/install/rf2o_laser_odometry/share/rf2o_laser_odometry/hook/cmake_prefix_path.ps1'
[79.974s] INFO:colcon.colcon_core.shell:Creating environment descriptor '/home/pi5/capstone-group8/ros2_ws/src/install/rf2o_laser_odometry/share/rf2o_laser_odometry/hook/cmake_prefix_path.dsv'
[79.975s] INFO:colcon.colcon_core.shell:Creating environment hook '/home/pi5/capstone-group8/ros2_ws/src/install/rf2o_laser_odometry/share/rf2o_laser_odometry/hook/cmake_prefix_path.sh'
[79.976s] Level 1:colcon.colcon_core.environment:checking '/home/pi5/capstone-group8/ros2_ws/src/install/rf2o_laser_odometry/lib'
[79.976s] Level 1:colcon.colcon_core.environment:checking '/home/pi5/capstone-group8/ros2_ws/src/install/rf2o_laser_odometry/bin'
[79.976s] Level 1:colcon.colcon_core.environment:checking '/home/pi5/capstone-group8/ros2_ws/src/install/rf2o_laser_odometry/lib/pkgconfig/rf2o_laser_odometry.pc'
[79.977s] Level 1:colcon.colcon_core.environment:checking '/home/pi5/capstone-group8/ros2_ws/src/install/rf2o_laser_odometry/lib/python3.12/site-packages'
[79.977s] Level 1:colcon.colcon_core.environment:checking '/home/pi5/capstone-group8/ros2_ws/src/install/rf2o_laser_odometry/bin'
[79.978s] INFO:colcon.colcon_core.shell:Creating package script '/home/pi5/capstone-group8/ros2_ws/src/install/rf2o_laser_odometry/share/rf2o_laser_odometry/package.ps1'
[79.978s] INFO:colcon.colcon_core.shell:Creating package descriptor '/home/pi5/capstone-group8/ros2_ws/src/install/rf2o_laser_odometry/share/rf2o_laser_odometry/package.dsv'
[79.979s] INFO:colcon.colcon_core.shell:Creating package script '/home/pi5/capstone-group8/ros2_ws/src/install/rf2o_laser_odometry/share/rf2o_laser_odometry/package.sh'
[79.980s] INFO:colcon.colcon_core.shell:Creating package script '/home/pi5/capstone-group8/ros2_ws/src/install/rf2o_laser_odometry/share/rf2o_laser_odometry/package.bash'
[79.981s] INFO:colcon.colcon_core.shell:Creating package script '/home/pi5/capstone-group8/ros2_ws/src/install/rf2o_laser_odometry/share/rf2o_laser_odometry/package.zsh'
[79.982s] Level 1:colcon.colcon_core.environment:create_file_with_runtime_dependencies(/home/pi5/capstone-group8/ros2_ws/src/install/rf2o_laser_odometry/share/colcon-core/packages/rf2o_laser_odometry)
[79.983s] DEBUG:colcon.colcon_parallel_executor.executor.parallel:closing loop
[79.984s] DEBUG:colcon.colcon_parallel_executor.executor.parallel:loop closed
[79.984s] DEBUG:colcon.colcon_parallel_executor.executor.parallel:run_until_complete finished with '0'
[79.984s] DEBUG:colcon.colcon_core.event_reactor:joining thread
[79.997s] INFO:colcon.colcon_core.plugin_system:Skipping extension 'colcon_notification.desktop_notification.terminal_notifier': Not used on non-Darwin systems
[79.997s] INFO:colcon.colcon_core.plugin_system:Skipping extension 'colcon_notification.desktop_notification.win32': Not used on non-Windows systems
[79.998s] INFO:colcon.colcon_notification.desktop_notification:Sending desktop notification using 'notify2'
[80.034s] DEBUG:colcon.colcon_core.event_reactor:joined thread
[80.034s] INFO:colcon.colcon_core.shell:Creating prefix script '/home/pi5/capstone-group8/ros2_ws/src/install/local_setup.ps1'
[80.035s] INFO:colcon.colcon_core.shell:Creating prefix util module '/home/pi5/capstone-group8/ros2_ws/src/install/_local_setup_util_ps1.py'
[80.037s] INFO:colcon.colcon_core.shell:Creating prefix chain script '/home/pi5/capstone-group8/ros2_ws/src/install/setup.ps1'
[80.041s] INFO:colcon.colcon_core.shell:Creating prefix script '/home/pi5/capstone-group8/ros2_ws/src/install/local_setup.sh'
[80.044s] INFO:colcon.colcon_core.shell:Creating prefix util module '/home/pi5/capstone-group8/ros2_ws/src/install/_local_setup_util_sh.py'
[80.045s] INFO:colcon.colcon_core.shell:Creating prefix chain script '/home/pi5/capstone-group8/ros2_ws/src/install/setup.sh'
[80.050s] INFO:colcon.colcon_core.shell:Creating prefix script '/home/pi5/capstone-group8/ros2_ws/src/install/local_setup.bash'
[80.052s] INFO:colcon.colcon_core.shell:Creating prefix chain script '/home/pi5/capstone-group8/ros2_ws/src/install/setup.bash'
[80.058s] INFO:colcon.colcon_core.shell:Creating prefix script '/home/pi5/capstone-group8/ros2_ws/src/install/local_setup.zsh'
[80.061s] INFO:colcon.colcon_core.shell:Creating prefix chain script '/home/pi5/capstone-group8/ros2_ws/src/install/setup.zsh'
