[0.622s] DEBUG:colcon:Command line arguments: ['/usr/bin/colcon', 'build', '--symlink-install', '--packages-select', 'autonomous_litter_bot_package']
[0.622s] DEBUG:colcon:Parsed command line arguments: Namespace(log_base=None, log_level=None, verb_name='build', build_base='build', install_base='install', merge_install=False, symlink_install=True, test_result_base=None, continue_on_error=False, executor='parallel', parallel_workers=4, event_handlers=None, ignore_user_meta=False, metas=['./colcon.meta'], base_paths=['.'], packages_ignore=None, packages_ignore_regex=None, paths=None, packages_up_to=None, packages_up_to_regex=None, packages_above=None, packages_above_and_dependencies=None, packages_above_depth=None, packages_select_by_dep=None, packages_skip_by_dep=None, packages_skip_up_to=None, packages_select_build_failed=False, packages_skip_build_finished=False, packages_select_test_failures=False, packages_skip_test_passed=False, packages_select=['autonomous_litter_bot_package'], packages_skip=None, packages_select_regex=None, packages_skip_regex=None, packages_start=None, packages_end=None, allow_overriding=[], cmake_args=None, cmake_target=None, cmake_target_skip_unavailable=False, cmake_clean_cache=False, cmake_clean_first=False, cmake_force_configure=False, ament_cmake_args=None, catkin_cmake_args=None, catkin_skip_building_tests=False, mixin_files=None, mixin=None, verb_parser=<colcon_mixin.mixin.mixin_argument.MixinArgumentDecorator object at 0xffffa16ed820>, verb_extension=<colcon_core.verb.build.BuildVerb object at 0xffffa1929250>, main=<bound method BuildVerb.main of <colcon_core.verb.build.BuildVerb object at 0xffffa1929250>>, mixin_verb=('build',))
[0.751s] Level 1:colcon.colcon_core.package_discovery:discover_packages(colcon_meta) check parameters
[0.751s] Level 1:colcon.colcon_core.package_discovery:discover_packages(recursive) check parameters
[0.751s] Level 1:colcon.colcon_core.package_discovery:discover_packages(ignore) check parameters
[0.751s] Level 1:colcon.colcon_core.package_discovery:discover_packages(path) check parameters
[0.751s] Level 1:colcon.colcon_core.package_discovery:discover_packages(colcon_meta) discover
[0.751s] Level 1:colcon.colcon_core.package_discovery:discover_packages(recursive) discover
[0.751s] INFO:colcon.colcon_core.package_discovery:Crawling recursively for packages in '/home/pi5/capstone-group8/ros2_ws/src'
[0.751s] Level 1:colcon.colcon_core.package_identification:_identify(.) by extensions ['ignore', 'ignore_ament_install']
[0.751s] Level 1:colcon.colcon_core.package_identification:_identify(.) by extension 'ignore'
[0.752s] Level 1:colcon.colcon_core.package_identification:_identify(.) by extension 'ignore_ament_install'
[0.752s] Level 1:colcon.colcon_core.package_identification:_identify(.) by extensions ['colcon_pkg']
[0.752s] Level 1:colcon.colcon_core.package_identification:_identify(.) by extension 'colcon_pkg'
[0.752s] Level 1:colcon.colcon_core.package_identification:_identify(.) by extensions ['colcon_meta']
[0.752s] Level 1:colcon.colcon_core.package_identification:_identify(.) by extension 'colcon_meta'
[0.752s] Level 1:colcon.colcon_core.package_identification:_identify(.) by extensions ['ros']
[0.752s] Level 1:colcon.colcon_core.package_identification:_identify(.) by extension 'ros'
[0.807s] Level 1:colcon.colcon_core.package_identification:_identify(.) by extensions ['cmake', 'python']
[0.807s] Level 1:colcon.colcon_core.package_identification:_identify(.) by extension 'cmake'
[0.807s] Level 1:colcon.colcon_core.package_identification:_identify(.) by extension 'python'
[0.807s] Level 1:colcon.colcon_core.package_identification:_identify(.) by extensions ['python_setup_py']
[0.807s] Level 1:colcon.colcon_core.package_identification:_identify(.) by extension 'python_setup_py'
[0.808s] Level 1:colcon.colcon_core.package_identification:_identify(autonomous_litter_bot_package) by extensions ['ignore', 'ignore_ament_install']
[0.808s] Level 1:colcon.colcon_core.package_identification:_identify(autonomous_litter_bot_package) by extension 'ignore'
[0.808s] Level 1:colcon.colcon_core.package_identification:_identify(autonomous_litter_bot_package) by extension 'ignore_ament_install'
[0.808s] Level 1:colcon.colcon_core.package_identification:_identify(autonomous_litter_bot_package) by extensions ['colcon_pkg']
[0.808s] Level 1:colcon.colcon_core.package_identification:_identify(autonomous_litter_bot_package) by extension 'colcon_pkg'
[0.808s] Level 1:colcon.colcon_core.package_identification:_identify(autonomous_litter_bot_package) by extensions ['colcon_meta']
[0.809s] Level 1:colcon.colcon_core.package_identification:_identify(autonomous_litter_bot_package) by extension 'colcon_meta'
[0.809s] Level 1:colcon.colcon_core.package_identification:_identify(autonomous_litter_bot_package) by extensions ['ros']
[0.809s] Level 1:colcon.colcon_core.package_identification:_identify(autonomous_litter_bot_package) by extension 'ros'
[0.814s] DEBUG:colcon.colcon_core.package_identification:Package 'autonomous_litter_bot_package' with type 'ros.ament_python' and name 'autonomous_litter_bot_package'
[0.815s] Level 1:colcon.colcon_core.package_identification:_identify(build) by extensions ['ignore', 'ignore_ament_install']
[0.815s] Level 1:colcon.colcon_core.package_identification:_identify(build) by extension 'ignore'
[0.815s] Level 1:colcon.colcon_core.package_identification:_identify(build) ignored
[0.815s] Level 1:colcon.colcon_core.package_identification:_identify(install) by extensions ['ignore', 'ignore_ament_install']
[0.815s] Level 1:colcon.colcon_core.package_identification:_identify(install) by extension 'ignore'
[0.815s] Level 1:colcon.colcon_core.package_identification:_identify(install) ignored
[0.815s] Level 1:colcon.colcon_core.package_identification:_identify(log) by extensions ['ignore', 'ignore_ament_install']
[0.815s] Level 1:colcon.colcon_core.package_identification:_identify(log) by extension 'ignore'
[0.815s] Level 1:colcon.colcon_core.package_identification:_identify(log) ignored
[0.816s] Level 1:colcon.colcon_core.package_identification:_identify(rf2o_laser_odometry) by extensions ['ignore', 'ignore_ament_install']
[0.816s] Level 1:colcon.colcon_core.package_identification:_identify(rf2o_laser_odometry) by extension 'ignore'
[0.816s] Level 1:colcon.colcon_core.package_identification:_identify(rf2o_laser_odometry) by extension 'ignore_ament_install'
[0.816s] Level 1:colcon.colcon_core.package_identification:_identify(rf2o_laser_odometry) by extensions ['colcon_pkg']
[0.816s] Level 1:colcon.colcon_core.package_identification:_identify(rf2o_laser_odometry) by extension 'colcon_pkg'
[0.816s] Level 1:colcon.colcon_core.package_identification:_identify(rf2o_laser_odometry) by extensions ['colcon_meta']
[0.816s] Level 1:colcon.colcon_core.package_identification:_identify(rf2o_laser_odometry) by extension 'colcon_meta'
[0.816s] Level 1:colcon.colcon_core.package_identification:_identify(rf2o_laser_odometry) by extensions ['ros']
[0.817s] Level 1:colcon.colcon_core.package_identification:_identify(rf2o_laser_odometry) by extension 'ros'
[0.818s] DEBUG:colcon.colcon_core.package_identification:Package 'rf2o_laser_odometry' with type 'ros.ament_cmake' and name 'rf2o_laser_odometry'
[0.819s] Level 1:colcon.colcon_core.package_identification:_identify(ros2_mpu6050) by extensions ['ignore', 'ignore_ament_install']
[0.819s] Level 1:colcon.colcon_core.package_identification:_identify(ros2_mpu6050) by extension 'ignore'
[0.819s] Level 1:colcon.colcon_core.package_identification:_identify(ros2_mpu6050) by extension 'ignore_ament_install'
[0.819s] Level 1:colcon.colcon_core.package_identification:_identify(ros2_mpu6050) by extensions ['colcon_pkg']
[0.819s] Level 1:colcon.colcon_core.package_identification:_identify(ros2_mpu6050) by extension 'colcon_pkg'
[0.819s] Level 1:colcon.colcon_core.package_identification:_identify(ros2_mpu6050) by extensions ['colcon_meta']
[0.819s] Level 1:colcon.colcon_core.package_identification:_identify(ros2_mpu6050) by extension 'colcon_meta'
[0.819s] Level 1:colcon.colcon_core.package_identification:_identify(ros2_mpu6050) by extensions ['ros']
[0.819s] Level 1:colcon.colcon_core.package_identification:_identify(ros2_mpu6050) by extension 'ros'
[0.821s] DEBUG:colcon.colcon_core.package_identification:Package 'ros2_mpu6050' with type 'ros.ament_cmake' and name 'ros2_mpu6050'
[0.821s] Level 1:colcon.colcon_core.package_identification:_identify(sllidar_ros2) by extensions ['ignore', 'ignore_ament_install']
[0.821s] Level 1:colcon.colcon_core.package_identification:_identify(sllidar_ros2) by extension 'ignore'
[0.821s] Level 1:colcon.colcon_core.package_identification:_identify(sllidar_ros2) by extension 'ignore_ament_install'
[0.821s] Level 1:colcon.colcon_core.package_identification:_identify(sllidar_ros2) by extensions ['colcon_pkg']
[0.821s] Level 1:colcon.colcon_core.package_identification:_identify(sllidar_ros2) by extension 'colcon_pkg'
[0.821s] Level 1:colcon.colcon_core.package_identification:_identify(sllidar_ros2) by extensions ['colcon_meta']
[0.821s] Level 1:colcon.colcon_core.package_identification:_identify(sllidar_ros2) by extension 'colcon_meta'
[0.821s] Level 1:colcon.colcon_core.package_identification:_identify(sllidar_ros2) by extensions ['ros']
[0.821s] Level 1:colcon.colcon_core.package_identification:_identify(sllidar_ros2) by extension 'ros'
[0.823s] DEBUG:colcon.colcon_core.package_identification:Package 'sllidar_ros2' with type 'ros.ament_cmake' and name 'sllidar_ros2'
[0.823s] Level 1:colcon.colcon_core.package_discovery:discover_packages(recursive) using defaults
[0.823s] Level 1:colcon.colcon_core.package_discovery:discover_packages(ignore) discover
[0.823s] Level 1:colcon.colcon_core.package_discovery:discover_packages(ignore) using defaults
[0.823s] Level 1:colcon.colcon_core.package_discovery:discover_packages(path) discover
[0.823s] Level 1:colcon.colcon_core.package_discovery:discover_packages(path) using defaults
[0.867s] INFO:colcon.colcon_core.package_selection:Skipping not selected package 'rf2o_laser_odometry' in 'rf2o_laser_odometry'
[0.867s] INFO:colcon.colcon_core.package_selection:Skipping not selected package 'ros2_mpu6050' in 'ros2_mpu6050'
[0.867s] INFO:colcon.colcon_core.package_selection:Skipping not selected package 'sllidar_ros2' in 'sllidar_ros2'
[0.868s] Level 1:colcon.colcon_core.package_discovery:discover_packages(prefix_path) check parameters
[0.868s] Level 1:colcon.colcon_core.package_discovery:discover_packages(prefix_path) discover
[0.876s] DEBUG:colcon.colcon_installed_package_information.package_discovery:Found 303 installed packages in /opt/ros/jazzy
[0.879s] Level 1:colcon.colcon_core.package_discovery:discover_packages(prefix_path) using defaults
[0.944s] Level 5:colcon.colcon_core.verb:set package 'autonomous_litter_bot_package' build argument 'cmake_args' from command line to 'None'
[0.944s] Level 5:colcon.colcon_core.verb:set package 'autonomous_litter_bot_package' build argument 'cmake_target' from command line to 'None'
[0.944s] Level 5:colcon.colcon_core.verb:set package 'autonomous_litter_bot_package' build argument 'cmake_target_skip_unavailable' from command line to 'False'
[0.944s] Level 5:colcon.colcon_core.verb:set package 'autonomous_litter_bot_package' build argument 'cmake_clean_cache' from command line to 'False'
[0.944s] Level 5:colcon.colcon_core.verb:set package 'autonomous_litter_bot_package' build argument 'cmake_clean_first' from command line to 'False'
[0.944s] Level 5:colcon.colcon_core.verb:set package 'autonomous_litter_bot_package' build argument 'cmake_force_configure' from command line to 'False'
[0.944s] Level 5:colcon.colcon_core.verb:set package 'autonomous_litter_bot_package' build argument 'ament_cmake_args' from command line to 'None'
[0.944s] Level 5:colcon.colcon_core.verb:set package 'autonomous_litter_bot_package' build argument 'catkin_cmake_args' from command line to 'None'
[0.944s] Level 5:colcon.colcon_core.verb:set package 'autonomous_litter_bot_package' build argument 'catkin_skip_building_tests' from command line to 'False'
[0.944s] DEBUG:colcon.colcon_core.verb:Building package 'autonomous_litter_bot_package' with the following arguments: {'ament_cmake_args': None, 'build_base': '/home/pi5/capstone-group8/ros2_ws/src/build/autonomous_litter_bot_package', 'catkin_cmake_args': None, 'catkin_skip_building_tests': False, 'cmake_args': None, 'cmake_clean_cache': False, 'cmake_clean_first': False, 'cmake_force_configure': False, 'cmake_target': None, 'cmake_target_skip_unavailable': False, 'install_base': '/home/pi5/capstone-group8/ros2_ws/src/install/autonomous_litter_bot_package', 'merge_install': False, 'path': '/home/pi5/capstone-group8/ros2_ws/src/autonomous_litter_bot_package', 'symlink_install': True, 'test_result_base': None}
[0.945s] INFO:colcon.colcon_core.executor:Executing jobs using 'parallel' executor
[0.946s] DEBUG:colcon.colcon_parallel_executor.executor.parallel:run_until_complete
[0.946s] INFO:colcon.colcon_ros.task.ament_python.build:Building ROS package in '/home/pi5/capstone-group8/ros2_ws/src/autonomous_litter_bot_package' with build type 'ament_python'
[0.947s] Level 1:colcon.colcon_core.shell:create_environment_hook('autonomous_litter_bot_package', 'ament_prefix_path')
[0.961s] INFO:colcon.colcon_core.plugin_system:Skipping extension 'colcon_core.shell.bat': Not used on non-Windows systems
[0.961s] INFO:colcon.colcon_core.shell:Creating environment hook '/home/pi5/capstone-group8/ros2_ws/src/install/autonomous_litter_bot_package/share/autonomous_litter_bot_package/hook/ament_prefix_path.ps1'
[0.963s] INFO:colcon.colcon_core.shell:Creating environment descriptor '/home/pi5/capstone-group8/ros2_ws/src/install/autonomous_litter_bot_package/share/autonomous_litter_bot_package/hook/ament_prefix_path.dsv'
[0.966s] INFO:colcon.colcon_core.shell:Creating environment hook '/home/pi5/capstone-group8/ros2_ws/src/install/autonomous_litter_bot_package/share/autonomous_litter_bot_package/hook/ament_prefix_path.sh'
[0.969s] INFO:colcon.colcon_core.shell:Skip shell extension 'powershell' for command environment: Not usable outside of PowerShell
[0.969s] DEBUG:colcon.colcon_core.shell:Skip shell extension 'dsv' for command environment
[1.440s] INFO:colcon.colcon_core.task.python.build:Building Python package in '/home/pi5/capstone-group8/ros2_ws/src/autonomous_litter_bot_package'
[1.441s] INFO:colcon.colcon_core.shell:Skip shell extension 'powershell' for command environment: Not usable outside of PowerShell
[1.441s] DEBUG:colcon.colcon_core.shell:Skip shell extension 'dsv' for command environment
[3.106s] DEBUG:colcon.colcon_core.event_handler.log_command:Invoking command in '/home/pi5/capstone-group8/ros2_ws/src/build/autonomous_litter_bot_package': DEBUGINFOD_URLS=https://debuginfod.ubuntu.com PYTHONPATH=/home/pi5/capstone-group8/ros2_ws/src/build/autonomous_litter_bot_package/prefix_override:/usr/lib/python3/dist-packages/colcon_core/task/python/colcon_distutils_commands:/home/pi5/capstone-group8/ros2_ws/src/install/autonomous_litter_bot_package/lib/python3.12/site-packages:${PYTHONPATH} /usr/bin/python3 -W ignore:setup.py install is deprecated -W ignore:easy_install command is deprecated setup.py develop --editable --build-directory /home/pi5/capstone-group8/ros2_ws/src/build/autonomous_litter_bot_package/build --no-deps symlink_data
[4.231s] Level 1:colcon.colcon_core.shell:create_environment_hook('autonomous_litter_bot_package', 'pythonpath_develop')
[4.231s] INFO:colcon.colcon_core.shell:Creating environment hook '/home/pi5/capstone-group8/ros2_ws/src/build/autonomous_litter_bot_package/share/autonomous_litter_bot_package/hook/pythonpath_develop.ps1'
[4.232s] DEBUG:colcon.colcon_core.event_handler.log_command:Invoked command in '/home/pi5/capstone-group8/ros2_ws/src/build/autonomous_litter_bot_package' returned '0': DEBUGINFOD_URLS=https://debuginfod.ubuntu.com PYTHONPATH=/home/pi5/capstone-group8/ros2_ws/src/build/autonomous_litter_bot_package/prefix_override:/usr/lib/python3/dist-packages/colcon_core/task/python/colcon_distutils_commands:/home/pi5/capstone-group8/ros2_ws/src/install/autonomous_litter_bot_package/lib/python3.12/site-packages:${PYTHONPATH} /usr/bin/python3 -W ignore:setup.py install is deprecated -W ignore:easy_install command is deprecated setup.py develop --editable --build-directory /home/pi5/capstone-group8/ros2_ws/src/build/autonomous_litter_bot_package/build --no-deps symlink_data
[4.232s] INFO:colcon.colcon_core.shell:Creating environment descriptor '/home/pi5/capstone-group8/ros2_ws/src/build/autonomous_litter_bot_package/share/autonomous_litter_bot_package/hook/pythonpath_develop.dsv'
[4.233s] INFO:colcon.colcon_core.shell:Creating environment hook '/home/pi5/capstone-group8/ros2_ws/src/build/autonomous_litter_bot_package/share/autonomous_litter_bot_package/hook/pythonpath_develop.sh'
[4.244s] Level 1:colcon.colcon_core.environment:checking '/home/pi5/capstone-group8/ros2_ws/src/install/autonomous_litter_bot_package' for CMake module files
[4.245s] Level 1:colcon.colcon_core.environment:checking '/home/pi5/capstone-group8/ros2_ws/src/install/autonomous_litter_bot_package' for CMake config files
[4.246s] Level 1:colcon.colcon_core.environment:checking '/home/pi5/capstone-group8/ros2_ws/src/install/autonomous_litter_bot_package/lib'
[4.246s] Level 1:colcon.colcon_core.environment:checking '/home/pi5/capstone-group8/ros2_ws/src/install/autonomous_litter_bot_package/bin'
[4.246s] Level 1:colcon.colcon_core.environment:checking '/home/pi5/capstone-group8/ros2_ws/src/install/autonomous_litter_bot_package/lib/pkgconfig/autonomous_litter_bot_package.pc'
[4.247s] Level 1:colcon.colcon_core.environment:checking '/home/pi5/capstone-group8/ros2_ws/src/install/autonomous_litter_bot_package/lib/python3.12/site-packages'
[4.247s] Level 1:colcon.colcon_core.shell:create_environment_hook('autonomous_litter_bot_package', 'pythonpath')
[4.247s] INFO:colcon.colcon_core.shell:Creating environment hook '/home/pi5/capstone-group8/ros2_ws/src/install/autonomous_litter_bot_package/share/autonomous_litter_bot_package/hook/pythonpath.ps1'
[4.248s] INFO:colcon.colcon_core.shell:Creating environment descriptor '/home/pi5/capstone-group8/ros2_ws/src/install/autonomous_litter_bot_package/share/autonomous_litter_bot_package/hook/pythonpath.dsv'
[4.248s] INFO:colcon.colcon_core.shell:Creating environment hook '/home/pi5/capstone-group8/ros2_ws/src/install/autonomous_litter_bot_package/share/autonomous_litter_bot_package/hook/pythonpath.sh'
[4.249s] Level 1:colcon.colcon_core.environment:checking '/home/pi5/capstone-group8/ros2_ws/src/install/autonomous_litter_bot_package/bin'
[4.249s] Level 1:colcon.colcon_core.environment:create_environment_scripts_only(autonomous_litter_bot_package)
[4.250s] INFO:colcon.colcon_core.shell:Creating package script '/home/pi5/capstone-group8/ros2_ws/src/install/autonomous_litter_bot_package/share/autonomous_litter_bot_package/package.ps1'
[4.251s] INFO:colcon.colcon_core.shell:Creating package descriptor '/home/pi5/capstone-group8/ros2_ws/src/install/autonomous_litter_bot_package/share/autonomous_litter_bot_package/package.dsv'
[4.252s] INFO:colcon.colcon_core.shell:Creating package script '/home/pi5/capstone-group8/ros2_ws/src/install/autonomous_litter_bot_package/share/autonomous_litter_bot_package/package.sh'
[4.253s] INFO:colcon.colcon_core.shell:Creating package script '/home/pi5/capstone-group8/ros2_ws/src/install/autonomous_litter_bot_package/share/autonomous_litter_bot_package/package.bash'
[4.255s] INFO:colcon.colcon_core.shell:Creating package script '/home/pi5/capstone-group8/ros2_ws/src/install/autonomous_litter_bot_package/share/autonomous_litter_bot_package/package.zsh'
[4.257s] Level 1:colcon.colcon_core.environment:create_file_with_runtime_dependencies(/home/pi5/capstone-group8/ros2_ws/src/install/autonomous_litter_bot_package/share/colcon-core/packages/autonomous_litter_bot_package)
[4.258s] DEBUG:colcon.colcon_parallel_executor.executor.parallel:closing loop
[4.260s] DEBUG:colcon.colcon_parallel_executor.executor.parallel:loop closed
[4.260s] DEBUG:colcon.colcon_parallel_executor.executor.parallel:run_until_complete finished with '0'
[4.260s] DEBUG:colcon.colcon_core.event_reactor:joining thread
[4.272s] INFO:colcon.colcon_core.plugin_system:Skipping extension 'colcon_notification.desktop_notification.terminal_notifier': Not used on non-Darwin systems
[4.272s] INFO:colcon.colcon_core.plugin_system:Skipping extension 'colcon_notification.desktop_notification.win32': Not used on non-Windows systems
[4.272s] INFO:colcon.colcon_notification.desktop_notification:Sending desktop notification using 'notify2'
[4.341s] DEBUG:colcon.colcon_core.event_reactor:joined thread
[4.342s] INFO:colcon.colcon_core.shell:Creating prefix script '/home/pi5/capstone-group8/ros2_ws/src/install/local_setup.ps1'
[4.344s] INFO:colcon.colcon_core.shell:Creating prefix util module '/home/pi5/capstone-group8/ros2_ws/src/install/_local_setup_util_ps1.py'
[4.346s] INFO:colcon.colcon_core.shell:Creating prefix chain script '/home/pi5/capstone-group8/ros2_ws/src/install/setup.ps1'
[4.349s] INFO:colcon.colcon_core.shell:Creating prefix script '/home/pi5/capstone-group8/ros2_ws/src/install/local_setup.sh'
[4.350s] INFO:colcon.colcon_core.shell:Creating prefix util module '/home/pi5/capstone-group8/ros2_ws/src/install/_local_setup_util_sh.py'
[4.351s] INFO:colcon.colcon_core.shell:Creating prefix chain script '/home/pi5/capstone-group8/ros2_ws/src/install/setup.sh'
[4.353s] INFO:colcon.colcon_core.shell:Creating prefix script '/home/pi5/capstone-group8/ros2_ws/src/install/local_setup.bash'
[4.354s] INFO:colcon.colcon_core.shell:Creating prefix chain script '/home/pi5/capstone-group8/ros2_ws/src/install/setup.bash'
[4.356s] INFO:colcon.colcon_core.shell:Creating prefix script '/home/pi5/capstone-group8/ros2_ws/src/install/local_setup.zsh'
[4.357s] INFO:colcon.colcon_core.shell:Creating prefix chain script '/home/pi5/capstone-group8/ros2_ws/src/install/setup.zsh'
