[2.160s] Invoking command in '/home/pi5/capstone-group8/ros2_ws/src/build/autonomous_litter_bot_package': DEBUGINFOD_URLS=https://debuginfod.ubuntu.com PYTHONPATH=/home/pi5/capstone-group8/ros2_ws/src/build/autonomous_litter_bot_package/prefix_override:/usr/lib/python3/dist-packages/colcon_core/task/python/colcon_distutils_commands:/home/pi5/capstone-group8/ros2_ws/src/install/autonomous_litter_bot_package/lib/python3.12/site-packages:${PYTHONPATH} /usr/bin/python3 -W ignore:setup.py install is deprecated -W ignore:easy_install command is deprecated setup.py develop --editable --build-directory /home/pi5/capstone-group8/ros2_ws/src/build/autonomous_litter_bot_package/build --no-deps symlink_data
[2.706s] running develop
[3.041s] running egg_info
[3.041s] creating autonomous_litter_bot_package.egg-info
[3.066s] writing autonomous_litter_bot_package.egg-info/PKG-INFO
[3.067s] writing dependency_links to autonomous_litter_bot_package.egg-info/dependency_links.txt
[3.067s] writing entry points to autonomous_litter_bot_package.egg-info/entry_points.txt
[3.067s] writing requirements to autonomous_litter_bot_package.egg-info/requires.txt
[3.067s] writing top-level names to autonomous_litter_bot_package.egg-info/top_level.txt
[3.067s] writing manifest file 'autonomous_litter_bot_package.egg-info/SOURCES.txt'
[3.135s] reading manifest file 'autonomous_litter_bot_package.egg-info/SOURCES.txt'
[3.135s] writing manifest file 'autonomous_litter_bot_package.egg-info/SOURCES.txt'
[3.165s] running build_ext
[3.165s] Creating /home/pi5/capstone-group8/ros2_ws/src/install/autonomous_litter_bot_package/lib/python3.12/site-packages/autonomous-litter-bot-package.egg-link (link to .)
[3.166s] Installing orange_detection_node script to /home/pi5/capstone-group8/ros2_ws/src/install/autonomous_litter_bot_package/lib/autonomous_litter_bot_package
[3.166s] Installing proto_sender_node script to /home/pi5/capstone-group8/ros2_ws/src/install/autonomous_litter_bot_package/lib/autonomous_litter_bot_package
[3.167s] Installing trash_detection_node script to /home/pi5/capstone-group8/ros2_ws/src/install/autonomous_litter_bot_package/lib/autonomous_litter_bot_package
[3.167s] 
[3.167s] Installed /home/pi5/capstone-group8/ros2_ws/src/build/autonomous_litter_bot_package
[3.167s] running symlink_data
[3.167s] creating /home/pi5/capstone-group8/ros2_ws/src/install/autonomous_litter_bot_package/share/ament_index
[3.167s] creating /home/pi5/capstone-group8/ros2_ws/src/install/autonomous_litter_bot_package/share/ament_index/resource_index
[3.167s] creating /home/pi5/capstone-group8/ros2_ws/src/install/autonomous_litter_bot_package/share/ament_index/resource_index/packages
[3.168s] symbolically linking /home/pi5/capstone-group8/ros2_ws/src/build/autonomous_litter_bot_package/resource/autonomous_litter_bot_package -> /home/pi5/capstone-group8/ros2_ws/src/install/autonomous_litter_bot_package/share/ament_index/resource_index/packages
[3.168s] symbolically linking /home/pi5/capstone-group8/ros2_ws/src/build/autonomous_litter_bot_package/package.xml -> /home/pi5/capstone-group8/ros2_ws/src/install/autonomous_litter_bot_package/share/autonomous_litter_bot_package
[3.168s] symbolically linking /home/pi5/capstone-group8/ros2_ws/src/build/autonomous_litter_bot_package/autonomous_litter_bot_package/detection_pb2.py -> /home/pi5/capstone-group8/ros2_ws/src/install/autonomous_litter_bot_package/share/autonomous_litter_bot_package
[3.168s] creating /home/pi5/capstone-group8/ros2_ws/src/install/autonomous_litter_bot_package/share/autonomous_litter_bot_package/models
[3.168s] creating /home/pi5/capstone-group8/ros2_ws/src/install/autonomous_litter_bot_package/share/autonomous_litter_bot_package/models/segmentation_small_openvino_model
[3.168s] symbolically linking /home/pi5/capstone-group8/ros2_ws/src/build/autonomous_litter_bot_package/autonomous_litter_bot_package/models/segmentation_small_openvino_model/segmentation_small.xml -> /home/pi5/capstone-group8/ros2_ws/src/install/autonomous_litter_bot_package/share/autonomous_litter_bot_package/models/segmentation_small_openvino_model
[3.168s] symbolically linking /home/pi5/capstone-group8/ros2_ws/src/build/autonomous_litter_bot_package/autonomous_litter_bot_package/models/segmentation_small_openvino_model/segmentation_small.bin -> /home/pi5/capstone-group8/ros2_ws/src/install/autonomous_litter_bot_package/share/autonomous_litter_bot_package/models/segmentation_small_openvino_model
[3.168s] symbolically linking /home/pi5/capstone-group8/ros2_ws/src/build/autonomous_litter_bot_package/autonomous_litter_bot_package/models/segmentation_small_openvino_model/metadata.yaml -> /home/pi5/capstone-group8/ros2_ws/src/install/autonomous_litter_bot_package/share/autonomous_litter_bot_package/models/segmentation_small_openvino_model
[3.168s] creating /home/pi5/capstone-group8/ros2_ws/src/install/autonomous_litter_bot_package/share/autonomous_litter_bot_package/models/segmentation_nano_openvino_model
[3.168s] symbolically linking /home/pi5/capstone-group8/ros2_ws/src/build/autonomous_litter_bot_package/autonomous_litter_bot_package/models/segmentation_nano_openvino_model/segmentation_nano.bin -> /home/pi5/capstone-group8/ros2_ws/src/install/autonomous_litter_bot_package/share/autonomous_litter_bot_package/models/segmentation_nano_openvino_model
[3.169s] symbolically linking /home/pi5/capstone-group8/ros2_ws/src/build/autonomous_litter_bot_package/autonomous_litter_bot_package/models/segmentation_nano_openvino_model/metadata.yaml -> /home/pi5/capstone-group8/ros2_ws/src/install/autonomous_litter_bot_package/share/autonomous_litter_bot_package/models/segmentation_nano_openvino_model
[3.169s] symbolically linking /home/pi5/capstone-group8/ros2_ws/src/build/autonomous_litter_bot_package/autonomous_litter_bot_package/models/segmentation_nano_openvino_model/segmentation_nano.xml -> /home/pi5/capstone-group8/ros2_ws/src/install/autonomous_litter_bot_package/share/autonomous_litter_bot_package/models/segmentation_nano_openvino_model
[3.169s] creating /home/pi5/capstone-group8/ros2_ws/src/install/autonomous_litter_bot_package/share/autonomous_litter_bot_package/config
[3.169s] symbolically linking /home/pi5/capstone-group8/ros2_ws/src/build/autonomous_litter_bot_package/config/slam_params.yaml -> /home/pi5/capstone-group8/ros2_ws/src/install/autonomous_litter_bot_package/share/autonomous_litter_bot_package/config
[3.169s] symbolically linking /home/pi5/capstone-group8/ros2_ws/src/build/autonomous_litter_bot_package/config/ekf.yaml -> /home/pi5/capstone-group8/ros2_ws/src/install/autonomous_litter_bot_package/share/autonomous_litter_bot_package/config
[3.169s] creating /home/pi5/capstone-group8/ros2_ws/src/install/autonomous_litter_bot_package/share/autonomous_litter_bot_package/launch
[3.169s] symbolically linking /home/pi5/capstone-group8/ros2_ws/src/build/autonomous_litter_bot_package/launch/ekf.launch.py -> /home/pi5/capstone-group8/ros2_ws/src/install/autonomous_litter_bot_package/share/autonomous_litter_bot_package/launch
[3.169s] symbolically linking /home/pi5/capstone-group8/ros2_ws/src/build/autonomous_litter_bot_package/launch/imu_system.launch.py -> /home/pi5/capstone-group8/ros2_ws/src/install/autonomous_litter_bot_package/share/autonomous_litter_bot_package/launch
[3.169s] symbolically linking /home/pi5/capstone-group8/ros2_ws/src/build/autonomous_litter_bot_package/launch/mapping_w_ekf.launch.py -> /home/pi5/capstone-group8/ros2_ws/src/install/autonomous_litter_bot_package/share/autonomous_litter_bot_package/launch
[3.170s] symbolically linking /home/pi5/capstone-group8/ros2_ws/src/build/autonomous_litter_bot_package/launch/mapping.launch.py -> /home/pi5/capstone-group8/ros2_ws/src/install/autonomous_litter_bot_package/share/autonomous_litter_bot_package/launch
[3.170s] symbolically linking /home/pi5/capstone-group8/ros2_ws/src/build/autonomous_litter_bot_package/launch/trash_detection.launch.py -> /home/pi5/capstone-group8/ros2_ws/src/install/autonomous_litter_bot_package/share/autonomous_litter_bot_package/launch
[3.170s] creating /home/pi5/capstone-group8/ros2_ws/src/install/autonomous_litter_bot_package/share/autonomous_litter_bot_package/urdf
[3.170s] symbolically linking /home/pi5/capstone-group8/ros2_ws/src/build/autonomous_litter_bot_package/urdf/robot.urdf -> /home/pi5/capstone-group8/ros2_ws/src/install/autonomous_litter_bot_package/share/autonomous_litter_bot_package/urdf
[3.285s] Invoked command in '/home/pi5/capstone-group8/ros2_ws/src/build/autonomous_litter_bot_package' returned '0': DEBUGINFOD_URLS=https://debuginfod.ubuntu.com PYTHONPATH=/home/pi5/capstone-group8/ros2_ws/src/build/autonomous_litter_bot_package/prefix_override:/usr/lib/python3/dist-packages/colcon_core/task/python/colcon_distutils_commands:/home/pi5/capstone-group8/ros2_ws/src/install/autonomous_litter_bot_package/lib/python3.12/site-packages:${PYTHONPATH} /usr/bin/python3 -W ignore:setup.py install is deprecated -W ignore:easy_install command is deprecated setup.py develop --editable --build-directory /home/pi5/capstone-group8/ros2_ws/src/build/autonomous_litter_bot_package/build --no-deps symlink_data
